[
	{
		"patient": {
			"address": {
				"city": "Trenton",
				"country": "USA",
				"line1": "2181 WESTFIELD",
				"state": "MI",
				"zip": "48183"
			},
			"dob": "19850214",
			"first_name": "FTest1",
			"gender": "M",
			"insurance_plan": {
				"group_id": "10002788",
				"group_name": "MANHEIM DETROIT",
				"plan_id": "HHMR0001",
				"subgroup_id": "1000",
				"subgroup_name": "MANHEIM DETROIT ACTIVE"
			},
			"last_name": "LTest1",
			"member_suffix": "02",
			"middle_initial": "B",
			"phone_home": "7344171491",
			"provider": {
				"last_name": "ATHENS, ANDREW A.",
				"npi": "1770545766"
			},
			"relationship_code": "H",
			"subscriber_id": "100112060"
		}
	},
	{
		"patient": {
			"address": {
				"city": "PLYMOUTH",
				"country": "USA",
				"line1": "15477 NORTHVILLE FORES",
				"line2": "APT 41D",
				"state": "MI",
				"zip": "48170"
			},
			"dob": "19470217",
			"first_name": "FTest2",
			"gender": "F",
			"insurance_plan": {
				"group_id": "10000026",
				"group_name": "NON-GROUP PROGRAM SENIOR PLUS",
				"plan_id": "MHMI0007",
				"subgroup_id": "1006",
				"subgroup_name": "NON-GROUP PROGRAM SENIOR PLUS MA"
			},
			"last_name": "LTest2",
			"medicare_number": "5P74WN8CG91",
			"member_suffix": "00",
			"middle_initial": "T",
			"phone_home": "2482771759",
			"provider": {
				"last_name": "VALENTI, MATTEO",
				"npi": "1912991894"
			},
			"relationship_code": "M",
			"subscriber_id": "100984456"
		}
	},
	{
		"patient": {
			"address": {
				"city": "ROMULUS",
				"country": "USA",
				"line1": "16239 TAFT ST",
				"state": "MI",
				"zip": "48174"
			},
			"dob": "19481203",
			"first_name": "FTest3",
			"gender": "F",
			"insurance_plan": {
				"group_id": "10000672",
				"group_name": "GENERAL MOTORS VEBA HMO",
				"plan_id": "MHMG0022",
				"subgroup_id": "1206",
				"subgroup_name": "GENERAL MOTORS VEBA PROTECTED SURV SP SEMI MA"
			},
			"last_name": "LTest3",
			"medicare_number": "7TJ3UC2EP87",
			"member_suffix": "00",
			"middle_initial": "L",
			"phone_home": "7347715452",
			"provider": {
				"last_name": "ATHENS, ELLEN K.",
				"npi": "1760444228"
			},
			"relationship_code": "M",
			"subscriber_id": "100116285"
		}
	},
	{
		"patient": {
			"address": {
				"city": "Ecorse",
				"country": "USA",
				"line1": "38 CHERRY GROVE",
				"state": "MI",
				"zip": "48229"
			},
			"dob": "19620411",
			"first_name": "FTest4",
			"gender": "F",
			"insurance_plan": {
				"group_id": "10000721",
				"group_name": "SUBURBAN MOBILITY AUTHORITY HMO",
				"plan_id": "HHMR0001",
				"subgroup_id": "1201",
				"subgroup_name": "SMART B-RETIREE"
			},
			"last_name": "LTest4",
			"member_suffix": "02",
			"provider": {
				"last_name": "ZAKOLSKI, DOUGLAS J.",
				"npi": "1659356400"
			},
			"relationship_code": "W",
			"subscriber_id": "100430131"
		}
	},
	{
		"patient": {
			"address": {
				"city": "LINCOLN PARK",
				"country": "USA",
				"line1": "2105 OLD GODDARD ROAD",
				"state": "MI",
				"zip": "48146"
			},
			"dob": "19610929",
			"first_name": "FTest5",
			"gender": "F",
			"insurance_plan": {
				"group_id": "10002562",
				"group_name": "DEARBORN HOLDING COMPANY LLC",
				"plan_id": "HHMR0001",
				"subgroup_id": "1100",
				"subgroup_name": "DEARBORN HOLDING COMPANY"
			},
			"last_name": "LTest5",
			"member_suffix": "01",
			"phone_home": "3133183138",
			"provider": {
				"last_name": "JURASEK, HENRY M.",
				"npi": "1568413367"
			},
			"relationship_code": "W",
			"subscriber_id": "101336074"
		}
	},
	{
		"patient": {
			"address": {
				"city": "LINCOLN PARK",
				"country": "USA",
				"line1": "1708 KINGS HIGHWAY",
				"state": "MI",
				"zip": "48146"
			},
			"dob": "19890516",
			"first_name": "FTest6",
			"gender": "F",
			"insurance_plan": {
				"group_id": "10000011",
				"group_name": "FORD MOTOR COMPANY HMO",
				"plan_id": "HEMR0001",
				"subgroup_id": "1009",
				"subgroup_name": "FORD MOTOR COMPANY - SALARIED HE COBRA"
			},
			"last_name": "LTest6",
			"member_suffix": "00",
			"provider": {
				"last_name": "BLANZY, JOHN E.",
				"npi": "1629017207"
			},
			"relationship_code": "M",
			"subscriber_id": "100675472"
		}
	},
	{
		"patient": {
			"address": {
				"city": "TEMPERANCE",
				"country": "USA",
				"line1": "1733 HEATHER DR",
				"state": "MI",
				"zip": "481829422"
			},
			"dob": "19400820",
			"first_name": "FTest7",
			"gender": "M",
			"insurance_plan": {
				"group_id": "10000026",
				"group_name": "NON-GROUP PROGRAM SENIOR PLUS",
				"plan_id": "MHPI0005",
				"subgroup_id": "1006",
				"subgroup_name": "NON-GROUP PROGRAM SENIOR PLUS MA"
			},
			"last_name": "LTest7",
			"medicare_number": "3KV9XE7NN45",
			"member_suffix": "00",
			"phone_home": "7342247818",
			"provider": {
				"last_name": "SEKHON, AVTAR S.",
				"npi": "1760536528"
			},
			"relationship_code": "M",
			"subscriber_id": "100135828"
		}
	},
	{
		"patient": {
			"address": {
				"city": "FARMINGTON HILLS",
				"country": "USA",
				"line1": "24823 COBBLESTONE CT",
				"state": "MI",
				"zip": "48336"
			},
			"dob": "20020803",
			"first_name": "FTest8",
			"gender": "M",
			"insurance_plan": {
				"group_id": "10000703",
				"group_name": "FCA US LLC HMO",
				"plan_id": "HHMR0001",
				"subgroup_id": "1000",
				"subgroup_name": "FCA US LLC ACTIVE"
			},
			"last_name": "LTest8",
			"member_suffix": "02",
			"middle_initial": "L",
			"phone_home": "3138150119",
			"provider": {
				"last_name": "CREGER, CLARK M.",
				"npi": "1699904086"
			},
			"relationship_code": "S",
			"subscriber_id": "100040659"
		}
	},
	{
		"patient": {
			"address": {
				"city": "REDFORD",
				"country": "USA",
				"line1": "9180 KINLOCH",
				"state": "MI",
				"zip": "48239"
			},
			"dob": "19970612",
			"first_name": "FTest9",
			"gender": "M",
			"insurance_plan": {
				"group_id": "10000374",
				"group_name": "CADON PLATING HMO",
				"plan_id": "HHMR0001",
				"subgroup_id": "1000",
				"subgroup_name": "CADON PLATING HMO ACTIVE"
			},
			"last_name": "LTest9",
			"member_suffix": "03",
			"middle_initial": "C",
			"phone_home": "7348377949",
			"provider": {
				"last_name": "VINTON, BRIAN A.",
				"npi": "1598053142"
			},
			"relationship_code": "S",
			"subscriber_id": "100263770"
		}
	},
	{
		"patient": {
			"address": {
				"city": "NORTHVILLE",
				"country": "USA",
				"line1": "17567 CRANBROOK DR",
				"state": "MI",
				"zip": "481684331"
			},
			"dob": "19931105",
			"first_name": "FTest10",
			"gender": "M",
			"insurance_plan": {
				"group_id": "10000005",
				"group_name": "HAP HMO INDIVIDUAL",
				"plan_id": "HYMR0310",
				"subgroup_id": "1000",
				"subgroup_name": "ON EXCHANGE"
			},
			"last_name": "LTest10",
			"member_suffix": "01",
			"phone_home": "2483440077",
			"provider": {
				"last_name": "KOTTUKAPALLY, NOBIN J.",
				"npi": "1942433289"
			},
			"relationship_code": "S",
			"subscriber_id": "100874961"
		}
	},
	{
		"patient": {
			"address": {
				"city": "BROWNSTOWN",
				"country": "USA",
				"line1": "24794 STREWING RD",
				"state": "MI",
				"zip": "48134"
			},
			"dob": "19900512",
			"first_name": "FTest11",
			"gender": "F",
			"insurance_plan": {
				"group_id": "10000017",
				"group_name": "FEDERAL EMPLOYEES HEALTH BENEFITS PROG.",
				"plan_id": "HHMR0001",
				"subgroup_id": "5600",
				"subgroup_name": "FEHB-97381600 DEPT VET AFFAIRS ACTIVE"
			},
			"last_name": "LTest11",
			"member_suffix": "00",
			"middle_initial": "J",
			"phone_home": "7347759091",
			"provider": {
				"last_name": "OOSTENDORP, MICHAELE C.",
				"npi": "1154329423"
			},
			"relationship_code": "M",
			"subscriber_id": "100008409"
		}
	},
	{
		"patient": {
			"address": {
				"city": "DETROIT",
				"country": "USA",
				"line1": "9583 GRANDMONT",
				"state": "MI",
				"zip": "48227"
			},
			"dob": "19390509",
			"first_name": "FTest12",
			"gender": "M",
			"insurance_plan": {
				"group_id": "10000026",
				"group_name": "NON-GROUP PROGRAM SENIOR PLUS",
				"plan_id": "MHMI0007",
				"subgroup_id": "1006",
				"subgroup_name": "NON-GROUP PROGRAM SENIOR PLUS MA"
			},
			"last_name": "LTest12",
			"medicare_number": "5XD5U79JV67",
			"member_suffix": "00",
			"provider": {
				"last_name": "ARUNACHALAM, VIJAYALAKSHMI",
				"npi": "1790764587"
			},
			"relationship_code": "M",
			"subscriber_id": "100821488"
		}
	},
	{
		"patient": {
			"address": {
				"city": "DEARBORN",
				"country": "USA",
				"line1": "3811 BENNET ST",
				"state": "MI",
				"zip": "48124"
			},
			"dob": "19590831",
			"first_name": "FTest13",
			"gender": "M",
			"insurance_plan": {
				"group_id": "10002581",
				"group_name": "ROBERT BOSCH CORPORATION HMO",
				"plan_id": "HHMR0001",
				"subgroup_id": "1000",
				"subgroup_name": "ROBERT BOSCH CORPORATION ACTIVE"
			},
			"last_name": "LTest13",
			"member_suffix": "00",
			"middle_initial": "M",
			"phone_home": "3132773162",
			"provider": {
				"last_name": "MEHDI, FARAH",
				"npi": "1033189477"
			},
			"relationship_code": "M",
			"subscriber_id": "100219147"
		}
	},
	{
		"patient": {
			"address": {
				"city": "MONROE",
				"country": "USA",
				"line1": "6816 SOUTH STONEY CREEK",
				"state": "MI",
				"zip": "48162"
			},
			"dob": "19550121",
			"first_name": "FTest14",
			"gender": "M",
			"insurance_plan": {
				"group_id": "10000703",
				"group_name": "FCA US LLC HMO",
				"plan_id": "HHMR0001",
				"subgroup_id": "1000",
				"subgroup_name": "FCA US LLC ACTIVE"
			},
			"last_name": "LTest14",
			"member_suffix": "00",
			"middle_initial": "R",
			"phone_home": "7348721190",
			"provider": {
				"last_name": "BELL, STEPHEN R.",
				"npi": "1184704181"
			},
			"relationship_code": "M",
			"subscriber_id": "100144046"
		}
	},
	{
		"patient": {
			"address": {
				"city": "TRENTON",
				"country": "USA",
				"line1": "3045 LAFAYETTE",
				"state": "MI",
				"zip": "48183"
			},
			"dob": "19560921",
			"first_name": "FTest15",
			"gender": "M",
			"insurance_plan": {
				"group_id": "10000673",
				"group_name": "CHRYSLER VEBA HMO",
				"plan_id": "MHMG0022",
				"subgroup_id": "1206",
				"subgroup_name": "CHRYSLER HOURLY VEBA GENERAL SEMI MA"
			},
			"last_name": "LTest15",
			"medicare_number": "8QE1EX8WV98",
			"member_suffix": "00",
			"middle_initial": "L",
			"phone_home": "7343082899",
			"provider": {
				"last_name": "JURASEK, HENRY M.",
				"npi": "1568413367"
			},
			"relationship_code": "M",
			"subscriber_id": "100106231"
		}
	},
	{
		"patient": {
			"address": {
				"city": "FLAT ROCK",
				"country": "USA",
				"line1": "26620 LARAMIE",
				"state": "MI",
				"zip": "48134"
			},
			"dob": "19561005",
			"first_name": "FTest16",
			"gender": "M",
			"insurance_plan": {
				"group_id": "10000586",
				"group_name": "METAL TECH PRODUCTS",
				"plan_id": "HHMR0007",
				"subgroup_id": "1000",
				"subgroup_name": "METAL TECH PRODUCTS ACTIVE"
			},
			"last_name": "LTest16",
			"member_suffix": "00",
			"middle_initial": "W",
			"phone_home": "3136082509",
			"provider": {
				"last_name": "NELSON, CAROLYN D.",
				"npi": "1164464301"
			},
			"relationship_code": "M",
			"subscriber_id": "100081887"
		}
	},
	{
		"patient": {
			"address": {
				"city": "TAYLOR",
				"country": "USA",
				"line1": "25616 KINYON ST",
				"state": "MI",
				"zip": "48180"
			},
			"dob": "19821014",
			"first_name": "FTest17",
			"gender": "M",
			"insurance_plan": {
				"group_id": "10002782",
				"group_name": "WYANDOTTE ALARM COMPANY",
				"plan_id": "HBMR0035",
				"subgroup_id": "1100",
				"subgroup_name": "WYANDOTTE ALARM COMPANY HMO 0 ACTIVE"
			},
			"last_name": "LTest17",
			"member_suffix": "00",
			"phone_home": "7349341630",
			"provider": {
				"last_name": "ROSSI, BENJAMIN M.",
				"npi": "1609818582"
			},
			"relationship_code": "M",
			"subscriber_id": "100300283"
		}
	},
	{
		"patient": {
			"address": {
				"country": "48239",
				"line2": "9336 COLUMBIA",
				"state": "REDFORD",
				"zip": "MI"
			},
			"first_name": "FTest18",
			"gender": "19730105",
			"insurance_plan": {
				"group_name": "10000664",
				"plan_id": "WAYNE STATE UNIVERSITY -PLAN 1 ACTIVE",
				"subgroup_id": "WAYNE STATE UNIVERSITY HMO",
				"subgroup_name": "1100"
			},
			"last_name": "LTest18",
			"medicare_number": "Y",
			"member_suffix": "00",
			"middle_initial": "VENUS",
			"phone_home": "USA",
			"phone_work": "3137217050",
			"primary_language": "F",
			"provider": {
				"last_name": "1821042581"
			},
			"relationship_code": "M",
			"subscriber_id": "100110932"
		}
	},
	{
		"patient": {
			"address": {
				"city": "CANTON",
				"country": "USA",
				"line1": "41486 SIMCOE DR",
				"state": "MI",
				"zip": "48188"
			},
			"dob": "19721124",
			"first_name": "FTest19",
			"gender": "M",
			"insurance_plan": {
				"group_id": "20000923",
				"group_name": "CALO AND SONS CONSTRUCTION INC",
				"plan_id": "HBMR0133",
				"subgroup_id": "1000",
				"subgroup_name": "CALO AND SONS CONSTRUCTION HMO 2500 PLUS ACTIVE"
			},
			"last_name": "LTest19",
			"member_suffix": "00",
			"middle_initial": "J",
			"provider": {
				"last_name": "SCHAEFFER, MICHAEL S.",
				"npi": "1780657569"
			},
			"relationship_code": "M",
			"subscriber_id": "100930402"
		}
	},
	{
		"patient": {
			"address": {
				"city": "MONROE",
				"country": "USA",
				"line1": "527 IDA MAYBEE RD",
				"state": "MI",
				"zip": "48161"
			},
			"dob": "20011024",
			"first_name": "FTest20",
			"gender": "F",
			"insurance_plan": {
				"group_id": "10000011",
				"group_name": "FORD MOTOR COMPANY HMO",
				"plan_id": "HHMR0001",
				"subgroup_id": "1000",
				"subgroup_name": "FORD MOTOR COMPANY - HOURLY ACTIVE"
			},
			"last_name": "LTest20",
			"member_suffix": "01",
			"middle_initial": "A",
			"phone_home": "3135873665",
			"provider": {
				"last_name": "ELLADKI, RACHA",
				"npi": "1043660640"
			},
			"relationship_code": "D",
			"subscriber_id": "100162768"
		}
	}
]
