[
	{
		"referral": {
			"facility_from": "26",
			"facility_to": "0",
			"patient": {
				"account_no": "533210",
				"id": "533210"
			},
			"practice": {
				"apuid": "305922"
			},
			"record_id": "305922.533210.54413",
			"speciality": "Gastroenterology",
			"speciality_code": "28"
		}
	},
	{
		"referral": {
			"facility_from": "12",
			"facility_to": "0",
			"patient": {
				"account_no": "552089",
				"id": "552089"
			},
			"practice": {
				"apuid": "305922"
			},
			"record_id": "305922.552089.54414",
			"speciality": "Optometrist",
			"speciality_code": "77"
		}
	},
	{
		"referral": {
			"facility_from": "12",
			"facility_to": "0",
			"patient": {
				"account_no": "552089",
				"id": "552089"
			},
			"practice": {
				"apuid": "305922"
			},
			"record_id": "305922.552089.54415",
			"speciality": "Urology",
			"speciality_code": "115"
		}
	},
	{
		"referral": {
			"facility_from": "25",
			"facility_to": "0",
			"patient": {
				"account_no": "547456",
				"id": "547456"
			},
			"practice": {
				"apuid": "305922"
			},
			"record_id": "305922.547456.54417",
			"speciality": "Physical Therapist",
			"speciality_code": "93"
		}
	},
	{
		"referral": {
			"facility_from": "25",
			"facility_to": "0",
			"patient": {
				"account_no": "552353",
				"id": "552353"
			},
			"practice": {
				"apuid": "305922"
			},
			"record_id": "305922.552353.54418",
			"speciality": "Speech Therapy",
			"speciality_code": "162"
		}
	},
	{
		"referral": {
			"facility_from": "12",
			"facility_to": "0",
			"patient": {
				"account_no": "550284",
				"id": "550284"
			},
			"practice": {
				"apuid": "305922"
			},
			"record_id": "305922.550284.54419",
			"speciality": "Optometrist",
			"speciality_code": "77"
		}
	},
	{
		"referral": {
			"facility_from": "26",
			"facility_to": "0",
			"patient": {
				"account_no": "533974",
				"id": "533974"
			},
			"practice": {
				"apuid": "305922"
			},
			"record_id": "305922.533974.54420",
			"speciality": "Surgery",
			"speciality_code": "135"
		}
	},
	{
		"referral": {
			"facility_from": "26",
			"facility_to": "0",
			"patient": {
				"account_no": "533974",
				"id": "533974"
			},
			"practice": {
				"apuid": "305922"
			},
			"record_id": "305922.533974.54421",
			"speciality": "Podiatry",
			"speciality_code": "160"
		}
	},
	{
		"referral": {
			"facility_from": "26",
			"facility_to": "0",
			"patient": {
				"account_no": "524156",
				"id": "14955"
			},
			"practice": {
				"apuid": "305922"
			},
			"record_id": "305922.14955.54422",
			"speciality": "Dermatology",
			"speciality_code": "19"
		}
	},
	{
		"referral": {
			"facility_from": "10",
			"facility_to": "27",
			"patient": {
				"account_no": "536047",
				"id": "536047"
			},
			"practice": {
				"apuid": "305922"
			},
			"record_id": "305922.536047.54423",
			"speciality": "Endocrinology",
			"speciality_code": "25"
		}
	},
	{
		"referral": {
			"facility_from": "12",
			"facility_to": "0",
			"patient": {
				"account_no": "536403",
				"id": "536403"
			},
			"practice": {
				"apuid": "305922"
			},
			"record_id": "305922.536403.54424",
			"speciality": "Optometrist",
			"speciality_code": "77"
		}
	},
	{
		"referral": {
			"facility_from": "12",
			"facility_to": "0",
			"patient": {
				"account_no": "536403",
				"id": "536403"
			},
			"practice": {
				"apuid": "305922"
			},
			"record_id": "305922.536403.54425",
			"speciality": "Podiatry",
			"speciality_code": "160"
		}
	},
	{
		"referral": {
			"facility_from": "12",
			"facility_to": "0",
			"patient": {
				"account_no": "536403",
				"id": "536403"
			},
			"practice": {
				"apuid": "305922"
			},
			"record_id": "305922.536403.54427",
			"speciality": "Other Medical Care",
			"speciality_code": "83"
		}
	},
	{
		"referral": {
			"facility_from": "10",
			"facility_to": "27",
			"patient": {
				"account_no": "536015",
				"id": "536015"
			},
			"practice": {
				"apuid": "305922"
			},
			"record_id": "305922.536015.54428",
			"speciality": "Physiatrist",
			"speciality_code": "164"
		}
	},
	{
		"referral": {
			"facility_from": "26",
			"facility_to": "0",
			"patient": {
				"account_no": "527990",
				"id": "527990"
			},
			"practice": {
				"apuid": "305922"
			},
			"record_id": "305922.527990.54429",
			"speciality": "Hematology",
			"speciality_code": "34"
		}
	},
	{
		"referral": {
			"facility_from": "27",
			"facility_to": "0",
			"patient": {
				"account_no": "536179",
				"id": "536179"
			},
			"practice": {
				"apuid": "305922"
			},
			"record_id": "305922.536179.54430",
			"speciality": "Sleep Medicine",
			"speciality_code": "131"
		}
	},
	{
		"referral": {
			"facility_from": "26",
			"facility_to": "0",
			"patient": {
				"account_no": "530128",
				"id": "530128"
			},
			"practice": {
				"apuid": "305922"
			},
			"record_id": "305922.530128.54416",
			"speciality": "Oral Surgery",
			"speciality_code": "78"
		}
	},
	{
		"referral": {
			"facility_from": "26",
			"facility_to": "0",
			"patient": {
				"account_no": "536027",
				"id": "536027"
			},
			"practice": {
				"apuid": "305922"
			},
			"record_id": "305922.536027.54426",
			"speciality": "Oral Surgery",
			"speciality_code": "78"
		}
	},
	{
		"referral": {
			"facility_from": "26",
			"facility_to": "0",
			"patient": {
				"account_no": "532616",
				"id": "532616"
			},
			"practice": {
				"apuid": "305922"
			},
			"record_id": "305922.532616.54432",
			"speciality": "Dental General Practice",
			"speciality_code": "17"
		}
	},
	{
		"referral": {
			"facility_from": "26",
			"facility_to": "0",
			"patient": {
				"account_no": "532616",
				"id": "532616"
			},
			"practice": {
				"apuid": "305922"
			},
			"record_id": "305922.532616.54433",
			"speciality": "Optometrist",
			"speciality_code": "77"
		}
	},
	{
		"referral": {
			"facility_from": "26",
			"facility_to": "0",
			"patient": {
				"account_no": "532616",
				"id": "532616"
			},
			"practice": {
				"apuid": "305922"
			},
			"record_id": "305922.532616.54434",
			"speciality": "Dermatology",
			"speciality_code": "19"
		}
	},
	{
		"referral": {
			"facility_from": "25",
			"facility_to": "0",
			"patient": {
				"account_no": "537759",
				"id": "537759"
			},
			"practice": {
				"apuid": "305922"
			},
			"record_id": "305922.537759.54435",
			"speciality": "Speech Therapy",
			"speciality_code": "162"
		}
	},
	{
		"referral": {
			"facility_from": "25",
			"facility_to": "0",
			"patient": {
				"account_no": "533101",
				"id": "533101"
			},
			"practice": {
				"apuid": "305922"
			},
			"record_id": "305922.533101.54437",
			"speciality": "Physical Therapist",
			"speciality_code": "93"
		}
	},
	{
		"referral": {
			"facility_from": "25",
			"facility_to": "0",
			"patient": {
				"account_no": "528403",
				"id": "528403"
			},
			"practice": {
				"apuid": "305922"
			},
			"record_id": "305922.528403.54438",
			"speciality": "Speech Therapy",
			"speciality_code": "162"
		}
	},
	{
		"referral": {
			"facility_from": "25",
			"facility_to": "0",
			"patient": {
				"account_no": "533210",
				"id": "533210"
			},
			"practice": {
				"apuid": "305922"
			},
			"record_id": "305922.533210.54439",
			"speciality": "Speech Therapy",
			"speciality_code": "162"
		}
	},
	{
		"referral": {
			"facility_from": "25",
			"facility_to": "0",
			"patient": {
				"account_no": "535151",
				"id": "535151"
			},
			"practice": {
				"apuid": "305922"
			},
			"record_id": "305922.535151.54440",
			"speciality": "Occupational Therapy",
			"speciality_code": "72"
		}
	},
	{
		"referral": {
			"facility_from": "12",
			"facility_to": "0",
			"patient": {
				"account_no": "551993",
				"id": "551993"
			},
			"practice": {
				"apuid": "305922"
			},
			"record_id": "305922.551993.54441",
			"speciality": "Physiatrist",
			"speciality_code": "164"
		}
	},
	{
		"referral": {
			"facility_from": "26",
			"facility_to": "0",
			"patient": {
				"account_no": "552234",
				"id": "552234"
			},
			"practice": {
				"apuid": "305922"
			},
			"record_id": "305922.552234.54442",
			"speciality": "Occupational Therapy",
			"speciality_code": "72"
		}
	},
	{
		"referral": {
			"facility_from": "25",
			"facility_to": "0",
			"patient": {
				"account_no": "536168",
				"id": "536168"
			},
			"practice": {
				"apuid": "305922"
			},
			"record_id": "305922.536168.54443",
			"speciality": "Speech Therapy",
			"speciality_code": "162"
		}
	}
]
